http_interactions:
- request:
    method: get
    uri: https://api.gbif.org/v1/species/match?name=Salmo%20salar&kingdom=animals&strict=false&verbose=FALSE&limit=100
    body:
      encoding: ''
      string: ''
    headers:
      Accept-Encoding: gzip, deflate
      Accept: application/json, text/xml, application/xml, */*
  response:
    status:
      status_code: '200'
      message: OK
      explanation: Request fulfilled, document follows
    headers:
      status: HTTP/1.1 200 OK
      content-type: application/json
    body:
      encoding: ''
      file: no
      string: '{"usageKey":7595433,"scientificName":"Salmo salar Linnaeus, 1758","canonicalName":"Salmo
        salar","rank":"SPECIES","status":"ACCEPTED","confidence":100,"matchType":"EXACT","kingdom":"Animalia","phylum":"Chordata","order":"Salmoniformes","family":"Salmonidae","genus":"Salmo","species":"Salmo
        salar","kingdomKey":1,"phylumKey":44,"orderKey":1313,"familyKey":8615,"genusKey":2347608,"speciesKey":7595433,"synonym":false}'
  recorded_at: 2023-08-29 13:25:27 GMT
  recorded_with: vcr/1.2.0, webmockr/0.9.0
- request:
    method: get
    uri: https://api.gbif.org/v1/occurrence/search?occurrenceStatus=PRESENT&limit=2&offset=0&depth=5&taxonKey=7595433
    body:
      encoding: ''
      string: ''
    headers:
      Accept-Encoding: gzip, deflate
      Accept: application/json, text/xml, application/xml, */*
  response:
    status:
      status_code: '200'
      message: OK
      explanation: Request fulfilled, document follows
    headers:
      status: HTTP/1.1 200 OK
      content-type: application/json
    body:
      encoding: ''
      file: no
      string: '{"offset":0,"limit":2,"endOfRecords":true,"count":0,"results":[],"facets":[]}'
  recorded_at: 2023-08-29 13:25:27 GMT
  recorded_with: vcr/1.2.0, webmockr/0.9.0
- request:
    method: get
    uri: https://api.gbif.org/v1/occurrence/search?occurrenceStatus=PRESENT&limit=2&offset=0&depth=5&taxonKey=7595433
    body:
      encoding: ''
      string: ''
    headers:
      Accept-Encoding: gzip, deflate
      Accept: application/json, text/xml, application/xml, */*
  response:
    status:
      status_code: '200'
      message: OK
      explanation: Request fulfilled, document follows
    headers:
      status: HTTP/1.1 200 OK
      content-type: application/json
    body:
      encoding: ''
      file: no
      string: '{"offset":0,"limit":2,"endOfRecords":true,"count":0,"results":[],"facets":[]}'
  recorded_at: 2023-08-29 13:25:27 GMT
  recorded_with: vcr/1.2.0, webmockr/0.9.0
- request:
    method: get
    uri: https://api.gbif.org/v1/occurrence/search?occurrenceStatus=PRESENT&limit=500&offset=0&depth=5-10&taxonKey=7595433
    body:
      encoding: ''
      string: ''
    headers:
      Accept-Encoding: gzip, deflate
      Accept: application/json, text/xml, application/xml, */*
  response:
    status:
      status_code: '400'
      message: Bad Request
      explanation: Bad request syntax or unsupported method
    headers:
      status: HTTP/1.1 400 Bad Request
      content-type: text/plain
    body:
      encoding: ''
      file: no
      string: 'Invalid decimal range: 5-10'
  recorded_at: 2023-08-29 13:25:27 GMT
  recorded_with: vcr/1.2.0, webmockr/0.9.0
